Epoch 1/100: train loss 1.8925,  val loss 1.9242,train acc 0.3399, val acc 0.3318
Epoch 2/100: train loss 1.7699,  val loss 1.8130,train acc 0.3869, val acc 0.3724
Epoch 3/100: train loss 1.7017,  val loss 1.7545,train acc 0.4115, val acc 0.3952
Epoch 4/100: train loss 1.6558,  val loss 1.7144,train acc 0.4298, val acc 0.4070
Epoch 5/100: train loss 1.6182,  val loss 1.6852,train acc 0.4433, val acc 0.4210
Epoch 6/100: train loss 1.5879,  val loss 1.6640,train acc 0.4562, val acc 0.4326
Epoch 7/100: train loss 1.5615,  val loss 1.6423,train acc 0.4648, val acc 0.4400
Epoch 8/100: train loss 1.5390,  val loss 1.6261,train acc 0.4732, val acc 0.4450
Epoch 9/100: train loss 1.5198,  val loss 1.6126,train acc 0.4815, val acc 0.4498
Epoch 10/100: train loss 1.5004,  val loss 1.5986,train acc 0.4884, val acc 0.4562
Epoch 11/100: train loss 1.4851,  val loss 1.5897,train acc 0.4950, val acc 0.4572
Epoch 12/100: train loss 1.4694,  val loss 1.5780,train acc 0.5011, val acc 0.4598
Epoch 13/100: train loss 1.4565,  val loss 1.5701,train acc 0.5070, val acc 0.4628
Epoch 14/100: train loss 1.4441,  val loss 1.5647,train acc 0.5123, val acc 0.4700
Epoch 15/100: train loss 1.4306,  val loss 1.5543,train acc 0.5184, val acc 0.4704
Epoch 16/100: train loss 1.4190,  val loss 1.5478,train acc 0.5219, val acc 0.4700
Epoch 17/100: train loss 1.4078,  val loss 1.5390,train acc 0.5252, val acc 0.4736
Epoch 18/100: train loss 1.3992,  val loss 1.5344,train acc 0.5285, val acc 0.4776
Epoch 19/100: train loss 1.3877,  val loss 1.5320,train acc 0.5341, val acc 0.4770
Epoch 20/100: train loss 1.3779,  val loss 1.5266,train acc 0.5387, val acc 0.4802
Epoch 21/100: train loss 1.3687,  val loss 1.5198,train acc 0.5408, val acc 0.4796
Epoch 22/100: train loss 1.3594,  val loss 1.5154,train acc 0.5455, val acc 0.4866
Epoch 23/100: train loss 1.3515,  val loss 1.5095,train acc 0.5505, val acc 0.4858
Epoch 24/100: train loss 1.3428,  val loss 1.5067,train acc 0.5498, val acc 0.4872
Epoch 25/100: train loss 1.3346,  val loss 1.5017,train acc 0.5549, val acc 0.4884
Epoch 26/100: train loss 1.3274,  val loss 1.4971,train acc 0.5573, val acc 0.4906
Epoch 27/100: train loss 1.3193,  val loss 1.4938,train acc 0.5603, val acc 0.4908
Epoch 28/100: train loss 1.3135,  val loss 1.4938,train acc 0.5637, val acc 0.4922
Epoch 29/100: train loss 1.3036,  val loss 1.4865,train acc 0.5664, val acc 0.4952
Epoch 30/100: train loss 1.2972,  val loss 1.4818,train acc 0.5684, val acc 0.4916
Epoch 31/100: train loss 1.2905,  val loss 1.4792,train acc 0.5710, val acc 0.4978
Epoch 32/100: train loss 1.2837,  val loss 1.4784,train acc 0.5750, val acc 0.4970
Epoch 33/100: train loss 1.2779,  val loss 1.4768,train acc 0.5767, val acc 0.4982
Epoch 34/100: train loss 1.2719,  val loss 1.4742,train acc 0.5770, val acc 0.5020
Epoch 35/100: train loss 1.2653,  val loss 1.4716,train acc 0.5810, val acc 0.4990
Epoch 36/100: train loss 1.2587,  val loss 1.4677,train acc 0.5857, val acc 0.5016
Epoch 37/100: train loss 1.2533,  val loss 1.4674,train acc 0.5873, val acc 0.5044
Epoch 38/100: train loss 1.2475,  val loss 1.4637,train acc 0.5895, val acc 0.5062
Epoch 39/100: train loss 1.2414,  val loss 1.4609,train acc 0.5910, val acc 0.5046
Epoch 40/100: train loss 1.2351,  val loss 1.4599,train acc 0.5937, val acc 0.5046
Epoch 41/100: train loss 1.2294,  val loss 1.4567,train acc 0.5971, val acc 0.5074
Epoch 42/100: train loss 1.2248,  val loss 1.4567,train acc 0.5981, val acc 0.5096
Epoch 43/100: train loss 1.2190,  val loss 1.4532,train acc 0.6000, val acc 0.5124
Epoch 44/100: train loss 1.2139,  val loss 1.4513,train acc 0.6040, val acc 0.5100
Epoch 45/100: train loss 1.2090,  val loss 1.4493,train acc 0.6050, val acc 0.5130
Epoch 46/100: train loss 1.2036,  val loss 1.4482,train acc 0.6070, val acc 0.5122
Epoch 47/100: train loss 1.1984,  val loss 1.4478,train acc 0.6101, val acc 0.5146
Epoch 48/100: train loss 1.1947,  val loss 1.4479,train acc 0.6112, val acc 0.5122
Epoch 49/100: train loss 1.1883,  val loss 1.4443,train acc 0.6124, val acc 0.5138
Epoch 50/100: train loss 1.1843,  val loss 1.4416,train acc 0.6147, val acc 0.5158
Epoch 51/100: train loss 1.1790,  val loss 1.4411,train acc 0.6172, val acc 0.5144
Epoch 52/100: train loss 1.1742,  val loss 1.4403,train acc 0.6180, val acc 0.5142
Epoch 53/100: train loss 1.1698,  val loss 1.4410,train acc 0.6201, val acc 0.5182
Epoch 54/100: train loss 1.1656,  val loss 1.4386,train acc 0.6205, val acc 0.5170
Epoch 55/100: train loss 1.1607,  val loss 1.4382,train acc 0.6237, val acc 0.5208
Epoch 56/100: train loss 1.1566,  val loss 1.4354,train acc 0.6239, val acc 0.5208
Epoch 57/100: train loss 1.1538,  val loss 1.4363,train acc 0.6258, val acc 0.5178
Epoch 58/100: train loss 1.1492,  val loss 1.4354,train acc 0.6268, val acc 0.5194
Epoch 59/100: train loss 1.1439,  val loss 1.4338,train acc 0.6299, val acc 0.5208
Epoch 60/100: train loss 1.1396,  val loss 1.4332,train acc 0.6309, val acc 0.5216
Epoch 61/100: train loss 1.1353,  val loss 1.4313,train acc 0.6334, val acc 0.5210
Epoch 62/100: train loss 1.1311,  val loss 1.4313,train acc 0.6350, val acc 0.5208
Epoch 63/100: train loss 1.1264,  val loss 1.4281,train acc 0.6352, val acc 0.5202
Epoch 64/100: train loss 1.1230,  val loss 1.4295,train acc 0.6365, val acc 0.5250
Epoch 65/100: train loss 1.1190,  val loss 1.4269,train acc 0.6394, val acc 0.5240
Epoch 66/100: train loss 1.1156,  val loss 1.4276,train acc 0.6408, val acc 0.5232
Epoch 67/100: train loss 1.1114,  val loss 1.4290,train acc 0.6422, val acc 0.5254
Epoch 68/100: train loss 1.1077,  val loss 1.4264,train acc 0.6421, val acc 0.5258
Epoch 69/100: train loss 1.1033,  val loss 1.4237,train acc 0.6453, val acc 0.5266
Epoch 70/100: train loss 1.0993,  val loss 1.4244,train acc 0.6470, val acc 0.5260
Epoch 71/100: train loss 1.0958,  val loss 1.4234,train acc 0.6482, val acc 0.5258
Epoch 72/100: train loss 1.0921,  val loss 1.4232,train acc 0.6494, val acc 0.5256
Epoch 73/100: train loss 1.0889,  val loss 1.4237,train acc 0.6506, val acc 0.5256
Epoch 74/100: train loss 1.0859,  val loss 1.4243,train acc 0.6528, val acc 0.5218
Epoch 75/100: train loss 1.0822,  val loss 1.4227,train acc 0.6538, val acc 0.5226
Epoch 76/100: train loss 1.0788,  val loss 1.4225,train acc 0.6542, val acc 0.5246
Epoch 77/100: train loss 1.0740,  val loss 1.4199,train acc 0.6567, val acc 0.5260
Epoch 78/100: train loss 1.0727,  val loss 1.4228,train acc 0.6581, val acc 0.5250
Epoch 79/100: train loss 1.0697,  val loss 1.4218,train acc 0.6568, val acc 0.5240
Epoch 80/100: train loss 1.0640,  val loss 1.4178,train acc 0.6611, val acc 0.5268
Epoch 81/100: train loss 1.0623,  val loss 1.4200,train acc 0.6592, val acc 0.5224
Epoch 82/100: train loss 1.0571,  val loss 1.4200,train acc 0.6632, val acc 0.5294
Epoch 83/100: train loss 1.0537,  val loss 1.4186,train acc 0.6640, val acc 0.5282
Epoch 84/100: train loss 1.0512,  val loss 1.4191,train acc 0.6658, val acc 0.5300
Epoch 85/100: train loss 1.0482,  val loss 1.4190,train acc 0.6665, val acc 0.5306
Epoch 86/100: train loss 1.0447,  val loss 1.4183,train acc 0.6684, val acc 0.5282
Epoch 87/100: train loss 1.0418,  val loss 1.4194,train acc 0.6707, val acc 0.5280
Epoch 88/100: train loss 1.0384,  val loss 1.4179,train acc 0.6705, val acc 0.5288
Epoch 89/100: train loss 1.0350,  val loss 1.4171,train acc 0.6718, val acc 0.5290
Epoch 90/100: train loss 1.0317,  val loss 1.4170,train acc 0.6729, val acc 0.5278
Epoch 91/100: train loss 1.0287,  val loss 1.4160,train acc 0.6748, val acc 0.5288
Epoch 92/100: train loss 1.0262,  val loss 1.4175,train acc 0.6750, val acc 0.5300
Epoch 93/100: train loss 1.0235,  val loss 1.4176,train acc 0.6771, val acc 0.5292
Epoch 94/100: train loss 1.0203,  val loss 1.4167,train acc 0.6778, val acc 0.5306
Epoch 95/100: train loss 1.0169,  val loss 1.4164,train acc 0.6786, val acc 0.5300
Epoch 96/100: train loss 1.0147,  val loss 1.4174,train acc 0.6793, val acc 0.5288
Epoch 97/100: train loss 1.0118,  val loss 1.4169,train acc 0.6814, val acc 0.5286
Epoch 98/100: train loss 1.0086,  val loss 1.4172,train acc 0.6833, val acc 0.5310
Epoch 99/100: train loss 1.0058,  val loss 1.4161,train acc 0.6825, val acc 0.5302
Epoch 100/100: train loss 1.0030,  val loss 1.4159,train acc 0.6836, val acc 0.5308
hs: 256, lr: 0.001, reg: 0.0001 => val_acc: 0.5310
Model saved to trained_model.npz
Epoch 1/100: train loss 1.9973,  val loss 2.0301,train acc 0.3403, val acc 0.3382
Epoch 2/100: train loss 1.8704,  val loss 1.9174,train acc 0.3889, val acc 0.3830
Epoch 3/100: train loss 1.8005,  val loss 1.8535,train acc 0.4132, val acc 0.4024
Epoch 4/100: train loss 1.7536,  val loss 1.8178,train acc 0.4322, val acc 0.4170
Epoch 5/100: train loss 1.7147,  val loss 1.7844,train acc 0.4466, val acc 0.4310
Epoch 6/100: train loss 1.6854,  val loss 1.7593,train acc 0.4594, val acc 0.4430
Epoch 7/100: train loss 1.6598,  val loss 1.7402,train acc 0.4675, val acc 0.4526
Epoch 8/100: train loss 1.6371,  val loss 1.7238,train acc 0.4764, val acc 0.4548
Epoch 9/100: train loss 1.6162,  val loss 1.7105,train acc 0.4847, val acc 0.4606
Epoch 10/100: train loss 1.5992,  val loss 1.6972,train acc 0.4916, val acc 0.4644
Epoch 11/100: train loss 1.5830,  val loss 1.6866,train acc 0.4983, val acc 0.4670
Epoch 12/100: train loss 1.5677,  val loss 1.6751,train acc 0.5042, val acc 0.4724
Epoch 13/100: train loss 1.5548,  val loss 1.6679,train acc 0.5080, val acc 0.4736
Epoch 14/100: train loss 1.5417,  val loss 1.6576,train acc 0.5136, val acc 0.4776
Epoch 15/100: train loss 1.5305,  val loss 1.6520,train acc 0.5198, val acc 0.4808
Epoch 16/100: train loss 1.5175,  val loss 1.6441,train acc 0.5228, val acc 0.4826
Epoch 17/100: train loss 1.5071,  val loss 1.6393,train acc 0.5281, val acc 0.4880
Epoch 18/100: train loss 1.4969,  val loss 1.6344,train acc 0.5314, val acc 0.4842
Epoch 19/100: train loss 1.4854,  val loss 1.6249,train acc 0.5368, val acc 0.4914
Epoch 20/100: train loss 1.4750,  val loss 1.6187,train acc 0.5394, val acc 0.4942
Epoch 21/100: train loss 1.4672,  val loss 1.6174,train acc 0.5435, val acc 0.4936
Epoch 22/100: train loss 1.4590,  val loss 1.6109,train acc 0.5472, val acc 0.4970
Epoch 23/100: train loss 1.4500,  val loss 1.6073,train acc 0.5505, val acc 0.5012
Epoch 24/100: train loss 1.4413,  val loss 1.6019,train acc 0.5532, val acc 0.4990
Epoch 25/100: train loss 1.4331,  val loss 1.5971,train acc 0.5552, val acc 0.4992
Epoch 26/100: train loss 1.4264,  val loss 1.5940,train acc 0.5585, val acc 0.5004
Epoch 27/100: train loss 1.4176,  val loss 1.5909,train acc 0.5624, val acc 0.5040
Epoch 28/100: train loss 1.4099,  val loss 1.5857,train acc 0.5653, val acc 0.5054
Epoch 29/100: train loss 1.4036,  val loss 1.5834,train acc 0.5666, val acc 0.5040
Epoch 30/100: train loss 1.3950,  val loss 1.5785,train acc 0.5717, val acc 0.5104
Epoch 31/100: train loss 1.3886,  val loss 1.5776,train acc 0.5726, val acc 0.5104
Epoch 32/100: train loss 1.3820,  val loss 1.5725,train acc 0.5751, val acc 0.5084
Epoch 33/100: train loss 1.3756,  val loss 1.5736,train acc 0.5788, val acc 0.5104
Epoch 34/100: train loss 1.3698,  val loss 1.5709,train acc 0.5797, val acc 0.5108
Epoch 35/100: train loss 1.3629,  val loss 1.5682,train acc 0.5830, val acc 0.5128
Epoch 36/100: train loss 1.3572,  val loss 1.5637,train acc 0.5857, val acc 0.5150
Epoch 37/100: train loss 1.3514,  val loss 1.5630,train acc 0.5879, val acc 0.5120
Epoch 38/100: train loss 1.3456,  val loss 1.5603,train acc 0.5887, val acc 0.5134
Epoch 39/100: train loss 1.3399,  val loss 1.5590,train acc 0.5905, val acc 0.5156
Epoch 40/100: train loss 1.3353,  val loss 1.5585,train acc 0.5928, val acc 0.5152
Epoch 41/100: train loss 1.3284,  val loss 1.5550,train acc 0.5948, val acc 0.5174
Epoch 42/100: train loss 1.3233,  val loss 1.5519,train acc 0.5981, val acc 0.5160
Epoch 43/100: train loss 1.3188,  val loss 1.5528,train acc 0.5991, val acc 0.5164
Epoch 44/100: train loss 1.3135,  val loss 1.5509,train acc 0.6031, val acc 0.5172
Epoch 45/100: train loss 1.3080,  val loss 1.5471,train acc 0.6045, val acc 0.5172
Epoch 46/100: train loss 1.3035,  val loss 1.5463,train acc 0.6050, val acc 0.5224
Epoch 47/100: train loss 1.2974,  val loss 1.5438,train acc 0.6071, val acc 0.5200
Epoch 48/100: train loss 1.2930,  val loss 1.5448,train acc 0.6088, val acc 0.5188
Epoch 49/100: train loss 1.2873,  val loss 1.5411,train acc 0.6113, val acc 0.5194
Epoch 50/100: train loss 1.2832,  val loss 1.5393,train acc 0.6127, val acc 0.5162
Epoch 51/100: train loss 1.2794,  val loss 1.5393,train acc 0.6146, val acc 0.5202
Epoch 52/100: train loss 1.2740,  val loss 1.5393,train acc 0.6163, val acc 0.5208
Epoch 53/100: train loss 1.2699,  val loss 1.5372,train acc 0.6175, val acc 0.5222
Epoch 54/100: train loss 1.2654,  val loss 1.5364,train acc 0.6195, val acc 0.5246
Epoch 55/100: train loss 1.2605,  val loss 1.5343,train acc 0.6220, val acc 0.5212
Epoch 56/100: train loss 1.2571,  val loss 1.5353,train acc 0.6237, val acc 0.5182
Epoch 57/100: train loss 1.2528,  val loss 1.5331,train acc 0.6258, val acc 0.5224
Epoch 58/100: train loss 1.2482,  val loss 1.5317,train acc 0.6255, val acc 0.5240
Epoch 59/100: train loss 1.2440,  val loss 1.5311,train acc 0.6269, val acc 0.5236
Epoch 60/100: train loss 1.2392,  val loss 1.5300,train acc 0.6296, val acc 0.5238
Epoch 61/100: train loss 1.2360,  val loss 1.5319,train acc 0.6309, val acc 0.5218
Epoch 62/100: train loss 1.2324,  val loss 1.5295,train acc 0.6322, val acc 0.5242
Epoch 63/100: train loss 1.2279,  val loss 1.5283,train acc 0.6346, val acc 0.5240
Epoch 64/100: train loss 1.2239,  val loss 1.5292,train acc 0.6352, val acc 0.5240
Epoch 65/100: train loss 1.2205,  val loss 1.5277,train acc 0.6369, val acc 0.5252
Epoch 66/100: train loss 1.2166,  val loss 1.5262,train acc 0.6376, val acc 0.5254
Epoch 67/100: train loss 1.2126,  val loss 1.5252,train acc 0.6413, val acc 0.5268
Epoch 68/100: train loss 1.2087,  val loss 1.5258,train acc 0.6415, val acc 0.5252
Epoch 69/100: train loss 1.2050,  val loss 1.5265,train acc 0.6421, val acc 0.5252
Epoch 70/100: train loss 1.2012,  val loss 1.5233,train acc 0.6435, val acc 0.5252
Epoch 71/100: train loss 1.1986,  val loss 1.5251,train acc 0.6451, val acc 0.5258
Epoch 72/100: train loss 1.1942,  val loss 1.5228,train acc 0.6480, val acc 0.5258
Epoch 73/100: train loss 1.1907,  val loss 1.5228,train acc 0.6463, val acc 0.5274
Epoch 74/100: train loss 1.1876,  val loss 1.5211,train acc 0.6504, val acc 0.5252
Epoch 75/100: train loss 1.1838,  val loss 1.5208,train acc 0.6518, val acc 0.5270
Epoch 76/100: train loss 1.1802,  val loss 1.5194,train acc 0.6514, val acc 0.5268
Epoch 77/100: train loss 1.1783,  val loss 1.5227,train acc 0.6542, val acc 0.5238
Epoch 78/100: train loss 1.1736,  val loss 1.5199,train acc 0.6552, val acc 0.5266
Epoch 79/100: train loss 1.1703,  val loss 1.5202,train acc 0.6570, val acc 0.5242
Epoch 80/100: train loss 1.1673,  val loss 1.5202,train acc 0.6577, val acc 0.5280
Epoch 81/100: train loss 1.1640,  val loss 1.5210,train acc 0.6593, val acc 0.5262
Epoch 82/100: train loss 1.1613,  val loss 1.5195,train acc 0.6589, val acc 0.5248
Epoch 83/100: train loss 1.1573,  val loss 1.5170,train acc 0.6613, val acc 0.5282
Epoch 84/100: train loss 1.1549,  val loss 1.5178,train acc 0.6632, val acc 0.5246
Epoch 85/100: train loss 1.1517,  val loss 1.5188,train acc 0.6638, val acc 0.5258
Epoch 86/100: train loss 1.1475,  val loss 1.5173,train acc 0.6654, val acc 0.5274
Epoch 87/100: train loss 1.1447,  val loss 1.5172,train acc 0.6660, val acc 0.5254
Epoch 88/100: train loss 1.1419,  val loss 1.5173,train acc 0.6678, val acc 0.5260
Epoch 89/100: train loss 1.1386,  val loss 1.5175,train acc 0.6693, val acc 0.5290
Epoch 90/100: train loss 1.1359,  val loss 1.5185,train acc 0.6711, val acc 0.5274
Epoch 91/100: train loss 1.1329,  val loss 1.5185,train acc 0.6710, val acc 0.5280
Epoch 92/100: train loss 1.1290,  val loss 1.5163,train acc 0.6738, val acc 0.5264
Epoch 93/100: train loss 1.1277,  val loss 1.5169,train acc 0.6719, val acc 0.5266
Epoch 94/100: train loss 1.1241,  val loss 1.5168,train acc 0.6748, val acc 0.5274
Epoch 95/100: train loss 1.1208,  val loss 1.5166,train acc 0.6757, val acc 0.5250
Epoch 96/100: train loss 1.1188,  val loss 1.5163,train acc 0.6775, val acc 0.5298
Epoch 97/100: train loss 1.1156,  val loss 1.5150,train acc 0.6788, val acc 0.5260
Epoch 98/100: train loss 1.1133,  val loss 1.5153,train acc 0.6778, val acc 0.5286
Epoch 99/100: train loss 1.1104,  val loss 1.5155,train acc 0.6810, val acc 0.5286
Epoch 100/100: train loss 1.1066,  val loss 1.5152,train acc 0.6828, val acc 0.5298
hs: 256, lr: 0.001, reg: 0.0005 => val_acc: 0.5298
Epoch 1/100: train loss 2.0061,  val loss 2.0249,train acc 0.3028, val acc 0.2904
Epoch 2/100: train loss 1.8772,  val loss 1.9038,train acc 0.3476, val acc 0.3368
Epoch 3/100: train loss 1.8077,  val loss 1.8428,train acc 0.3739, val acc 0.3576
Epoch 4/100: train loss 1.7582,  val loss 1.8002,train acc 0.3905, val acc 0.3754
Epoch 5/100: train loss 1.7213,  val loss 1.7671,train acc 0.4048, val acc 0.3918
Epoch 6/100: train loss 1.6909,  val loss 1.7411,train acc 0.4158, val acc 0.3992
Epoch 7/100: train loss 1.6650,  val loss 1.7216,train acc 0.4251, val acc 0.4086
Epoch 8/100: train loss 1.6427,  val loss 1.7034,train acc 0.4344, val acc 0.4138
Epoch 9/100: train loss 1.6235,  val loss 1.6875,train acc 0.4418, val acc 0.4202
Epoch 10/100: train loss 1.6066,  val loss 1.6755,train acc 0.4484, val acc 0.4250
Epoch 11/100: train loss 1.5916,  val loss 1.6635,train acc 0.4551, val acc 0.4256
Epoch 12/100: train loss 1.5779,  val loss 1.6526,train acc 0.4600, val acc 0.4316
Epoch 13/100: train loss 1.5647,  val loss 1.6435,train acc 0.4646, val acc 0.4374
Epoch 14/100: train loss 1.5536,  val loss 1.6345,train acc 0.4678, val acc 0.4430
Epoch 15/100: train loss 1.5427,  val loss 1.6285,train acc 0.4727, val acc 0.4426
Epoch 16/100: train loss 1.5320,  val loss 1.6185,train acc 0.4763, val acc 0.4450
Epoch 17/100: train loss 1.5211,  val loss 1.6122,train acc 0.4802, val acc 0.4470
Epoch 18/100: train loss 1.5122,  val loss 1.6056,train acc 0.4839, val acc 0.4492
Epoch 19/100: train loss 1.5039,  val loss 1.6007,train acc 0.4868, val acc 0.4506
Epoch 20/100: train loss 1.4946,  val loss 1.5923,train acc 0.4901, val acc 0.4572
Epoch 21/100: train loss 1.4867,  val loss 1.5879,train acc 0.4930, val acc 0.4582
Epoch 22/100: train loss 1.4793,  val loss 1.5835,train acc 0.4957, val acc 0.4586
Epoch 23/100: train loss 1.4721,  val loss 1.5787,train acc 0.4999, val acc 0.4610
Epoch 24/100: train loss 1.4647,  val loss 1.5723,train acc 0.5021, val acc 0.4638
Epoch 25/100: train loss 1.4579,  val loss 1.5684,train acc 0.5046, val acc 0.4656
Epoch 26/100: train loss 1.4516,  val loss 1.5640,train acc 0.5080, val acc 0.4646
Epoch 27/100: train loss 1.4447,  val loss 1.5595,train acc 0.5106, val acc 0.4672
Epoch 28/100: train loss 1.4393,  val loss 1.5584,train acc 0.5134, val acc 0.4688
Epoch 29/100: train loss 1.4329,  val loss 1.5528,train acc 0.5145, val acc 0.4700
Epoch 30/100: train loss 1.4264,  val loss 1.5491,train acc 0.5185, val acc 0.4686
Epoch 31/100: train loss 1.4212,  val loss 1.5455,train acc 0.5199, val acc 0.4700
Epoch 32/100: train loss 1.4157,  val loss 1.5424,train acc 0.5217, val acc 0.4746
Epoch 33/100: train loss 1.4105,  val loss 1.5382,train acc 0.5236, val acc 0.4748
Epoch 34/100: train loss 1.4050,  val loss 1.5345,train acc 0.5257, val acc 0.4772
Epoch 35/100: train loss 1.4001,  val loss 1.5326,train acc 0.5282, val acc 0.4768
Epoch 36/100: train loss 1.3954,  val loss 1.5302,train acc 0.5299, val acc 0.4786
Epoch 37/100: train loss 1.3905,  val loss 1.5265,train acc 0.5317, val acc 0.4802
Epoch 38/100: train loss 1.3856,  val loss 1.5240,train acc 0.5343, val acc 0.4804
Epoch 39/100: train loss 1.3813,  val loss 1.5221,train acc 0.5348, val acc 0.4816
Epoch 40/100: train loss 1.3764,  val loss 1.5197,train acc 0.5366, val acc 0.4832
Epoch 41/100: train loss 1.3725,  val loss 1.5174,train acc 0.5389, val acc 0.4806
Epoch 42/100: train loss 1.3676,  val loss 1.5139,train acc 0.5399, val acc 0.4854
Epoch 43/100: train loss 1.3643,  val loss 1.5120,train acc 0.5419, val acc 0.4838
Epoch 44/100: train loss 1.3595,  val loss 1.5090,train acc 0.5428, val acc 0.4846
Epoch 45/100: train loss 1.3559,  val loss 1.5061,train acc 0.5439, val acc 0.4858
Epoch 46/100: train loss 1.3521,  val loss 1.5051,train acc 0.5455, val acc 0.4862
Epoch 47/100: train loss 1.3478,  val loss 1.5027,train acc 0.5472, val acc 0.4898
Epoch 48/100: train loss 1.3441,  val loss 1.5003,train acc 0.5488, val acc 0.4894
Epoch 49/100: train loss 1.3400,  val loss 1.4980,train acc 0.5511, val acc 0.4884
Epoch 50/100: train loss 1.3364,  val loss 1.4967,train acc 0.5526, val acc 0.4904
Epoch 51/100: train loss 1.3331,  val loss 1.4946,train acc 0.5545, val acc 0.4904
Epoch 52/100: train loss 1.3292,  val loss 1.4928,train acc 0.5554, val acc 0.4888
Epoch 53/100: train loss 1.3260,  val loss 1.4912,train acc 0.5560, val acc 0.4908
Epoch 54/100: train loss 1.3225,  val loss 1.4877,train acc 0.5580, val acc 0.4928
Epoch 55/100: train loss 1.3190,  val loss 1.4865,train acc 0.5587, val acc 0.4928
Epoch 56/100: train loss 1.3160,  val loss 1.4852,train acc 0.5601, val acc 0.4922
Epoch 57/100: train loss 1.3125,  val loss 1.4832,train acc 0.5622, val acc 0.4936
Epoch 58/100: train loss 1.3094,  val loss 1.4813,train acc 0.5634, val acc 0.4938
Epoch 59/100: train loss 1.3062,  val loss 1.4804,train acc 0.5645, val acc 0.4962
Epoch 60/100: train loss 1.3027,  val loss 1.4784,train acc 0.5653, val acc 0.4956
Epoch 61/100: train loss 1.2999,  val loss 1.4783,train acc 0.5668, val acc 0.4962
Epoch 62/100: train loss 1.2967,  val loss 1.4760,train acc 0.5675, val acc 0.4966
Epoch 63/100: train loss 1.2940,  val loss 1.4744,train acc 0.5682, val acc 0.4968
Epoch 64/100: train loss 1.2910,  val loss 1.4732,train acc 0.5699, val acc 0.4966
Epoch 65/100: train loss 1.2879,  val loss 1.4721,train acc 0.5704, val acc 0.4976
Epoch 66/100: train loss 1.2857,  val loss 1.4720,train acc 0.5716, val acc 0.4984
Epoch 67/100: train loss 1.2822,  val loss 1.4687,train acc 0.5732, val acc 0.5008
Epoch 68/100: train loss 1.2793,  val loss 1.4672,train acc 0.5748, val acc 0.5004
Epoch 69/100: train loss 1.2766,  val loss 1.4666,train acc 0.5749, val acc 0.5000
Epoch 70/100: train loss 1.2739,  val loss 1.4645,train acc 0.5750, val acc 0.4986
Epoch 71/100: train loss 1.2711,  val loss 1.4639,train acc 0.5774, val acc 0.5020
Epoch 72/100: train loss 1.2688,  val loss 1.4635,train acc 0.5770, val acc 0.5006
Epoch 73/100: train loss 1.2660,  val loss 1.4618,train acc 0.5789, val acc 0.5036
Epoch 74/100: train loss 1.2633,  val loss 1.4608,train acc 0.5801, val acc 0.5028
Epoch 75/100: train loss 1.2608,  val loss 1.4596,train acc 0.5811, val acc 0.5042
Epoch 76/100: train loss 1.2581,  val loss 1.4586,train acc 0.5819, val acc 0.5032
Epoch 77/100: train loss 1.2559,  val loss 1.4583,train acc 0.5831, val acc 0.5046
Epoch 78/100: train loss 1.2536,  val loss 1.4579,train acc 0.5841, val acc 0.5044
Epoch 79/100: train loss 1.2506,  val loss 1.4558,train acc 0.5843, val acc 0.5056
Epoch 80/100: train loss 1.2484,  val loss 1.4542,train acc 0.5850, val acc 0.5042
Epoch 81/100: train loss 1.2457,  val loss 1.4534,train acc 0.5868, val acc 0.5074
Epoch 82/100: train loss 1.2433,  val loss 1.4516,train acc 0.5870, val acc 0.5058
Epoch 83/100: train loss 1.2414,  val loss 1.4513,train acc 0.5878, val acc 0.5062
Epoch 84/100: train loss 1.2391,  val loss 1.4502,train acc 0.5895, val acc 0.5076
Epoch 85/100: train loss 1.2368,  val loss 1.4509,train acc 0.5901, val acc 0.5078
Epoch 86/100: train loss 1.2344,  val loss 1.4494,train acc 0.5911, val acc 0.5068
Epoch 87/100: train loss 1.2321,  val loss 1.4477,train acc 0.5917, val acc 0.5062
Epoch 88/100: train loss 1.2300,  val loss 1.4468,train acc 0.5930, val acc 0.5080
Epoch 89/100: train loss 1.2275,  val loss 1.4461,train acc 0.5943, val acc 0.5082
Epoch 90/100: train loss 1.2255,  val loss 1.4453,train acc 0.5949, val acc 0.5082
Epoch 91/100: train loss 1.2238,  val loss 1.4464,train acc 0.5960, val acc 0.5104
Epoch 92/100: train loss 1.2214,  val loss 1.4444,train acc 0.5972, val acc 0.5088
Epoch 93/100: train loss 1.2194,  val loss 1.4430,train acc 0.5980, val acc 0.5086
Epoch 94/100: train loss 1.2172,  val loss 1.4416,train acc 0.5987, val acc 0.5098
Epoch 95/100: train loss 1.2154,  val loss 1.4421,train acc 0.5997, val acc 0.5094
Epoch 96/100: train loss 1.2130,  val loss 1.4409,train acc 0.5999, val acc 0.5096
Epoch 97/100: train loss 1.2109,  val loss 1.4404,train acc 0.6018, val acc 0.5096
Epoch 98/100: train loss 1.2090,  val loss 1.4390,train acc 0.6018, val acc 0.5108
Epoch 99/100: train loss 1.2071,  val loss 1.4387,train acc 0.6026, val acc 0.5104
Epoch 100/100: train loss 1.2051,  val loss 1.4379,train acc 0.6030, val acc 0.5112
hs: 256, lr: 0.0005, reg: 0.0001 => val_acc: 0.5112
Epoch 1/100: train loss 2.1151,  val loss 2.1340,train acc 0.3023, val acc 0.2946
Epoch 2/100: train loss 1.9868,  val loss 2.0199,train acc 0.3468, val acc 0.3322
Epoch 3/100: train loss 1.9155,  val loss 1.9540,train acc 0.3730, val acc 0.3596
Epoch 4/100: train loss 1.8666,  val loss 1.9119,train acc 0.3916, val acc 0.3724
Epoch 5/100: train loss 1.8286,  val loss 1.8774,train acc 0.4056, val acc 0.3852
Epoch 6/100: train loss 1.7984,  val loss 1.8519,train acc 0.4181, val acc 0.3952
Epoch 7/100: train loss 1.7717,  val loss 1.8292,train acc 0.4277, val acc 0.4038
Epoch 8/100: train loss 1.7498,  val loss 1.8118,train acc 0.4375, val acc 0.4128
Epoch 9/100: train loss 1.7302,  val loss 1.7955,train acc 0.4443, val acc 0.4140
Epoch 10/100: train loss 1.7125,  val loss 1.7809,train acc 0.4505, val acc 0.4228
Epoch 11/100: train loss 1.6979,  val loss 1.7695,train acc 0.4564, val acc 0.4298
Epoch 12/100: train loss 1.6839,  val loss 1.7581,train acc 0.4623, val acc 0.4326
Epoch 13/100: train loss 1.6707,  val loss 1.7492,train acc 0.4655, val acc 0.4348
Epoch 14/100: train loss 1.6578,  val loss 1.7396,train acc 0.4715, val acc 0.4418
Epoch 15/100: train loss 1.6467,  val loss 1.7320,train acc 0.4763, val acc 0.4446
Epoch 16/100: train loss 1.6367,  val loss 1.7251,train acc 0.4794, val acc 0.4464
Epoch 17/100: train loss 1.6260,  val loss 1.7168,train acc 0.4829, val acc 0.4504
Epoch 18/100: train loss 1.6169,  val loss 1.7097,train acc 0.4879, val acc 0.4520
Epoch 19/100: train loss 1.6075,  val loss 1.7031,train acc 0.4901, val acc 0.4544
Epoch 20/100: train loss 1.5986,  val loss 1.6976,train acc 0.4931, val acc 0.4560
Epoch 21/100: train loss 1.5908,  val loss 1.6921,train acc 0.4968, val acc 0.4556
Epoch 22/100: train loss 1.5829,  val loss 1.6875,train acc 0.4995, val acc 0.4588
Epoch 23/100: train loss 1.5755,  val loss 1.6814,train acc 0.5031, val acc 0.4618
Epoch 24/100: train loss 1.5686,  val loss 1.6759,train acc 0.5058, val acc 0.4670
Epoch 25/100: train loss 1.5621,  val loss 1.6732,train acc 0.5071, val acc 0.4660
Epoch 26/100: train loss 1.5552,  val loss 1.6690,train acc 0.5108, val acc 0.4656
Epoch 27/100: train loss 1.5484,  val loss 1.6643,train acc 0.5139, val acc 0.4672
Epoch 28/100: train loss 1.5422,  val loss 1.6604,train acc 0.5164, val acc 0.4684
Epoch 29/100: train loss 1.5368,  val loss 1.6568,train acc 0.5161, val acc 0.4710
Epoch 30/100: train loss 1.5301,  val loss 1.6532,train acc 0.5209, val acc 0.4718
Epoch 31/100: train loss 1.5250,  val loss 1.6503,train acc 0.5228, val acc 0.4726
Epoch 32/100: train loss 1.5193,  val loss 1.6470,train acc 0.5250, val acc 0.4704
Epoch 33/100: train loss 1.5143,  val loss 1.6429,train acc 0.5269, val acc 0.4786
Epoch 34/100: train loss 1.5098,  val loss 1.6409,train acc 0.5284, val acc 0.4800
Epoch 35/100: train loss 1.5045,  val loss 1.6376,train acc 0.5296, val acc 0.4798
Epoch 36/100: train loss 1.4998,  val loss 1.6353,train acc 0.5331, val acc 0.4826
Epoch 37/100: train loss 1.4952,  val loss 1.6325,train acc 0.5337, val acc 0.4822
Epoch 38/100: train loss 1.4899,  val loss 1.6292,train acc 0.5356, val acc 0.4828
Epoch 39/100: train loss 1.4855,  val loss 1.6277,train acc 0.5373, val acc 0.4866
Epoch 40/100: train loss 1.4807,  val loss 1.6238,train acc 0.5379, val acc 0.4866
Epoch 41/100: train loss 1.4769,  val loss 1.6229,train acc 0.5405, val acc 0.4858
Epoch 42/100: train loss 1.4724,  val loss 1.6202,train acc 0.5416, val acc 0.4866
Epoch 43/100: train loss 1.4685,  val loss 1.6183,train acc 0.5435, val acc 0.4872
Epoch 44/100: train loss 1.4641,  val loss 1.6155,train acc 0.5444, val acc 0.4892
Epoch 45/100: train loss 1.4603,  val loss 1.6138,train acc 0.5470, val acc 0.4904
Epoch 46/100: train loss 1.4561,  val loss 1.6117,train acc 0.5483, val acc 0.4896
Epoch 47/100: train loss 1.4523,  val loss 1.6103,train acc 0.5501, val acc 0.4904
Epoch 48/100: train loss 1.4488,  val loss 1.6073,train acc 0.5504, val acc 0.4910
Epoch 49/100: train loss 1.4451,  val loss 1.6067,train acc 0.5522, val acc 0.4924
Epoch 50/100: train loss 1.4413,  val loss 1.6051,train acc 0.5545, val acc 0.4940
Epoch 51/100: train loss 1.4374,  val loss 1.6024,train acc 0.5549, val acc 0.4960
Epoch 52/100: train loss 1.4344,  val loss 1.6018,train acc 0.5558, val acc 0.4958
Epoch 53/100: train loss 1.4312,  val loss 1.5995,train acc 0.5584, val acc 0.5000
Epoch 54/100: train loss 1.4278,  val loss 1.5986,train acc 0.5585, val acc 0.4994
Epoch 55/100: train loss 1.4242,  val loss 1.5959,train acc 0.5598, val acc 0.4966
Epoch 56/100: train loss 1.4209,  val loss 1.5955,train acc 0.5609, val acc 0.4976
Epoch 57/100: train loss 1.4177,  val loss 1.5932,train acc 0.5624, val acc 0.4982
Epoch 58/100: train loss 1.4144,  val loss 1.5923,train acc 0.5637, val acc 0.4994
Epoch 59/100: train loss 1.4113,  val loss 1.5905,train acc 0.5646, val acc 0.5002
Epoch 60/100: train loss 1.4080,  val loss 1.5885,train acc 0.5654, val acc 0.5000
Epoch 61/100: train loss 1.4051,  val loss 1.5880,train acc 0.5679, val acc 0.4976
Epoch 62/100: train loss 1.4021,  val loss 1.5865,train acc 0.5684, val acc 0.4992
Epoch 63/100: train loss 1.3993,  val loss 1.5845,train acc 0.5689, val acc 0.4992
Epoch 64/100: train loss 1.3963,  val loss 1.5850,train acc 0.5710, val acc 0.5006
Epoch 65/100: train loss 1.3935,  val loss 1.5838,train acc 0.5726, val acc 0.5002
Epoch 66/100: train loss 1.3905,  val loss 1.5817,train acc 0.5731, val acc 0.5006
Epoch 67/100: train loss 1.3877,  val loss 1.5807,train acc 0.5739, val acc 0.5008
Epoch 68/100: train loss 1.3851,  val loss 1.5792,train acc 0.5749, val acc 0.5006
Epoch 69/100: train loss 1.3820,  val loss 1.5786,train acc 0.5763, val acc 0.5032
Epoch 70/100: train loss 1.3793,  val loss 1.5780,train acc 0.5770, val acc 0.5008
Epoch 71/100: train loss 1.3767,  val loss 1.5762,train acc 0.5780, val acc 0.5026
Epoch 72/100: train loss 1.3742,  val loss 1.5759,train acc 0.5793, val acc 0.5022
Epoch 73/100: train loss 1.3713,  val loss 1.5743,train acc 0.5804, val acc 0.5034
Epoch 74/100: train loss 1.3691,  val loss 1.5740,train acc 0.5819, val acc 0.5030
Epoch 75/100: train loss 1.3667,  val loss 1.5726,train acc 0.5818, val acc 0.5052
Epoch 76/100: train loss 1.3639,  val loss 1.5719,train acc 0.5835, val acc 0.5058
Epoch 77/100: train loss 1.3617,  val loss 1.5716,train acc 0.5849, val acc 0.5034
Epoch 78/100: train loss 1.3592,  val loss 1.5704,train acc 0.5847, val acc 0.5056
Epoch 79/100: train loss 1.3571,  val loss 1.5691,train acc 0.5861, val acc 0.5050
Epoch 80/100: train loss 1.3545,  val loss 1.5686,train acc 0.5870, val acc 0.5048
Epoch 81/100: train loss 1.3520,  val loss 1.5666,train acc 0.5884, val acc 0.5094
Epoch 82/100: train loss 1.3498,  val loss 1.5671,train acc 0.5902, val acc 0.5072
Epoch 83/100: train loss 1.3470,  val loss 1.5656,train acc 0.5907, val acc 0.5102
Epoch 84/100: train loss 1.3447,  val loss 1.5648,train acc 0.5907, val acc 0.5110
Epoch 85/100: train loss 1.3429,  val loss 1.5642,train acc 0.5914, val acc 0.5080
Epoch 86/100: train loss 1.3405,  val loss 1.5642,train acc 0.5930, val acc 0.5116
Epoch 87/100: train loss 1.3381,  val loss 1.5631,train acc 0.5939, val acc 0.5100
Epoch 88/100: train loss 1.3360,  val loss 1.5624,train acc 0.5951, val acc 0.5104
Epoch 89/100: train loss 1.3338,  val loss 1.5619,train acc 0.5959, val acc 0.5108
Epoch 90/100: train loss 1.3318,  val loss 1.5612,train acc 0.5958, val acc 0.5110
Epoch 91/100: train loss 1.3296,  val loss 1.5602,train acc 0.5970, val acc 0.5094
Epoch 92/100: train loss 1.3279,  val loss 1.5605,train acc 0.5993, val acc 0.5116
Epoch 93/100: train loss 1.3254,  val loss 1.5590,train acc 0.5988, val acc 0.5118
Epoch 94/100: train loss 1.3235,  val loss 1.5583,train acc 0.5998, val acc 0.5134
Epoch 95/100: train loss 1.3215,  val loss 1.5568,train acc 0.6002, val acc 0.5138
Epoch 96/100: train loss 1.3199,  val loss 1.5573,train acc 0.6014, val acc 0.5118
Epoch 97/100: train loss 1.3175,  val loss 1.5567,train acc 0.6017, val acc 0.5126
Epoch 98/100: train loss 1.3154,  val loss 1.5556,train acc 0.6019, val acc 0.5126
Epoch 99/100: train loss 1.3139,  val loss 1.5564,train acc 0.6025, val acc 0.5150
Epoch 100/100: train loss 1.3114,  val loss 1.5536,train acc 0.6039, val acc 0.5144
hs: 256, lr: 0.0005, reg: 0.0005 => val_acc: 0.5150
Epoch 1/100: train loss 1.8848,  val loss 1.9215,train acc 0.3543, val acc 0.3422
Epoch 2/100: train loss 1.7650,  val loss 1.8183,train acc 0.3977, val acc 0.3778
Epoch 3/100: train loss 1.6975,  val loss 1.7600,train acc 0.4229, val acc 0.4020
Epoch 4/100: train loss 1.6507,  val loss 1.7268,train acc 0.4426, val acc 0.4148
Epoch 5/100: train loss 1.6137,  val loss 1.6963,train acc 0.4564, val acc 0.4260
Epoch 6/100: train loss 1.5823,  val loss 1.6736,train acc 0.4688, val acc 0.4306
Epoch 7/100: train loss 1.5556,  val loss 1.6571,train acc 0.4800, val acc 0.4368
Epoch 8/100: train loss 1.5328,  val loss 1.6396,train acc 0.4899, val acc 0.4436
Epoch 9/100: train loss 1.5105,  val loss 1.6240,train acc 0.4983, val acc 0.4480
Epoch 10/100: train loss 1.4925,  val loss 1.6145,train acc 0.5063, val acc 0.4524
Epoch 11/100: train loss 1.4765,  val loss 1.6017,train acc 0.5103, val acc 0.4496
Epoch 12/100: train loss 1.4616,  val loss 1.5944,train acc 0.5159, val acc 0.4582
Epoch 13/100: train loss 1.4457,  val loss 1.5831,train acc 0.5227, val acc 0.4614
Epoch 14/100: train loss 1.4318,  val loss 1.5736,train acc 0.5296, val acc 0.4614
Epoch 15/100: train loss 1.4193,  val loss 1.5664,train acc 0.5330, val acc 0.4678
Epoch 16/100: train loss 1.4091,  val loss 1.5622,train acc 0.5362, val acc 0.4662
Epoch 17/100: train loss 1.3957,  val loss 1.5541,train acc 0.5422, val acc 0.4674
Epoch 18/100: train loss 1.3850,  val loss 1.5465,train acc 0.5469, val acc 0.4700
Epoch 19/100: train loss 1.3753,  val loss 1.5426,train acc 0.5498, val acc 0.4696
Epoch 20/100: train loss 1.3635,  val loss 1.5380,train acc 0.5554, val acc 0.4744
Epoch 21/100: train loss 1.3526,  val loss 1.5304,train acc 0.5606, val acc 0.4758
Epoch 22/100: train loss 1.3440,  val loss 1.5268,train acc 0.5632, val acc 0.4810
Epoch 23/100: train loss 1.3356,  val loss 1.5246,train acc 0.5658, val acc 0.4848
Epoch 24/100: train loss 1.3258,  val loss 1.5185,train acc 0.5692, val acc 0.4824
Epoch 25/100: train loss 1.3188,  val loss 1.5157,train acc 0.5703, val acc 0.4856
Epoch 26/100: train loss 1.3099,  val loss 1.5117,train acc 0.5754, val acc 0.4870
Epoch 27/100: train loss 1.3009,  val loss 1.5059,train acc 0.5793, val acc 0.4878
Epoch 28/100: train loss 1.2931,  val loss 1.5051,train acc 0.5822, val acc 0.4888
Epoch 29/100: train loss 1.2846,  val loss 1.4994,train acc 0.5846, val acc 0.4892
Epoch 30/100: train loss 1.2794,  val loss 1.5022,train acc 0.5881, val acc 0.4934
Epoch 31/100: train loss 1.2696,  val loss 1.4941,train acc 0.5917, val acc 0.4942
Epoch 32/100: train loss 1.2636,  val loss 1.4936,train acc 0.5923, val acc 0.4916
Epoch 33/100: train loss 1.2558,  val loss 1.4906,train acc 0.5964, val acc 0.4960
Epoch 34/100: train loss 1.2494,  val loss 1.4889,train acc 0.5986, val acc 0.4948
Epoch 35/100: train loss 1.2425,  val loss 1.4844,train acc 0.6004, val acc 0.4952
Epoch 36/100: train loss 1.2359,  val loss 1.4824,train acc 0.6038, val acc 0.4990
Epoch 37/100: train loss 1.2289,  val loss 1.4818,train acc 0.6067, val acc 0.4994
Epoch 38/100: train loss 1.2233,  val loss 1.4797,train acc 0.6082, val acc 0.5020
Epoch 39/100: train loss 1.2162,  val loss 1.4760,train acc 0.6116, val acc 0.5036
Epoch 40/100: train loss 1.2103,  val loss 1.4732,train acc 0.6137, val acc 0.5036
Epoch 41/100: train loss 1.2044,  val loss 1.4728,train acc 0.6160, val acc 0.5016
Epoch 42/100: train loss 1.1991,  val loss 1.4709,train acc 0.6184, val acc 0.5032
Epoch 43/100: train loss 1.1936,  val loss 1.4725,train acc 0.6192, val acc 0.5050
Epoch 44/100: train loss 1.1858,  val loss 1.4666,train acc 0.6229, val acc 0.5098
Epoch 45/100: train loss 1.1804,  val loss 1.4652,train acc 0.6252, val acc 0.5086
Epoch 46/100: train loss 1.1772,  val loss 1.4674,train acc 0.6263, val acc 0.5064
Epoch 47/100: train loss 1.1695,  val loss 1.4652,train acc 0.6301, val acc 0.5048
Epoch 48/100: train loss 1.1633,  val loss 1.4614,train acc 0.6320, val acc 0.5056
Epoch 49/100: train loss 1.1583,  val loss 1.4605,train acc 0.6343, val acc 0.5086
Epoch 50/100: train loss 1.1529,  val loss 1.4585,train acc 0.6358, val acc 0.5098
Epoch 51/100: train loss 1.1498,  val loss 1.4591,train acc 0.6346, val acc 0.5086
Epoch 52/100: train loss 1.1429,  val loss 1.4564,train acc 0.6396, val acc 0.5132
Epoch 53/100: train loss 1.1376,  val loss 1.4553,train acc 0.6427, val acc 0.5138
Epoch 54/100: train loss 1.1335,  val loss 1.4552,train acc 0.6449, val acc 0.5142
Epoch 55/100: train loss 1.1295,  val loss 1.4540,train acc 0.6445, val acc 0.5142
Epoch 56/100: train loss 1.1237,  val loss 1.4523,train acc 0.6467, val acc 0.5122
Epoch 57/100: train loss 1.1184,  val loss 1.4509,train acc 0.6484, val acc 0.5140
Epoch 58/100: train loss 1.1148,  val loss 1.4534,train acc 0.6505, val acc 0.5122
Epoch 59/100: train loss 1.1100,  val loss 1.4494,train acc 0.6538, val acc 0.5172
Epoch 60/100: train loss 1.1031,  val loss 1.4490,train acc 0.6562, val acc 0.5158
Epoch 61/100: train loss 1.0989,  val loss 1.4500,train acc 0.6568, val acc 0.5150
Epoch 62/100: train loss 1.0956,  val loss 1.4497,train acc 0.6584, val acc 0.5158
Epoch 63/100: train loss 1.0905,  val loss 1.4487,train acc 0.6619, val acc 0.5170
Epoch 64/100: train loss 1.0858,  val loss 1.4456,train acc 0.6630, val acc 0.5188
Epoch 65/100: train loss 1.0811,  val loss 1.4455,train acc 0.6654, val acc 0.5206
Epoch 66/100: train loss 1.0770,  val loss 1.4457,train acc 0.6660, val acc 0.5178
Epoch 67/100: train loss 1.0730,  val loss 1.4450,train acc 0.6684, val acc 0.5188
Epoch 68/100: train loss 1.0675,  val loss 1.4430,train acc 0.6712, val acc 0.5192
Epoch 69/100: train loss 1.0633,  val loss 1.4427,train acc 0.6734, val acc 0.5182
Epoch 70/100: train loss 1.0610,  val loss 1.4420,train acc 0.6721, val acc 0.5204
Epoch 71/100: train loss 1.0556,  val loss 1.4432,train acc 0.6749, val acc 0.5206
Epoch 72/100: train loss 1.0514,  val loss 1.4430,train acc 0.6784, val acc 0.5218
Epoch 73/100: train loss 1.0475,  val loss 1.4412,train acc 0.6790, val acc 0.5210
Epoch 74/100: train loss 1.0436,  val loss 1.4405,train acc 0.6788, val acc 0.5204
Epoch 75/100: train loss 1.0391,  val loss 1.4411,train acc 0.6828, val acc 0.5208
Epoch 76/100: train loss 1.0351,  val loss 1.4399,train acc 0.6823, val acc 0.5210
Epoch 77/100: train loss 1.0314,  val loss 1.4396,train acc 0.6843, val acc 0.5202
Epoch 78/100: train loss 1.0273,  val loss 1.4402,train acc 0.6874, val acc 0.5214
Epoch 79/100: train loss 1.0237,  val loss 1.4389,train acc 0.6886, val acc 0.5190
Epoch 80/100: train loss 1.0189,  val loss 1.4390,train acc 0.6912, val acc 0.5224
Epoch 81/100: train loss 1.0157,  val loss 1.4388,train acc 0.6912, val acc 0.5216
Epoch 82/100: train loss 1.0123,  val loss 1.4396,train acc 0.6930, val acc 0.5218
Epoch 83/100: train loss 1.0081,  val loss 1.4384,train acc 0.6964, val acc 0.5236
Epoch 84/100: train loss 1.0052,  val loss 1.4381,train acc 0.6938, val acc 0.5222
Epoch 85/100: train loss 1.0016,  val loss 1.4405,train acc 0.6982, val acc 0.5220
Epoch 86/100: train loss 0.9974,  val loss 1.4383,train acc 0.6980, val acc 0.5210
Epoch 87/100: train loss 0.9939,  val loss 1.4389,train acc 0.7019, val acc 0.5216
Epoch 88/100: train loss 0.9900,  val loss 1.4374,train acc 0.7031, val acc 0.5230
Epoch 89/100: train loss 0.9864,  val loss 1.4369,train acc 0.7032, val acc 0.5256
Epoch 90/100: train loss 0.9844,  val loss 1.4399,train acc 0.7030, val acc 0.5256
Epoch 91/100: train loss 0.9796,  val loss 1.4373,train acc 0.7065, val acc 0.5222
Epoch 92/100: train loss 0.9764,  val loss 1.4389,train acc 0.7076, val acc 0.5224
Epoch 93/100: train loss 0.9726,  val loss 1.4362,train acc 0.7097, val acc 0.5250
Epoch 94/100: train loss 0.9702,  val loss 1.4370,train acc 0.7089, val acc 0.5266
Epoch 95/100: train loss 0.9657,  val loss 1.4363,train acc 0.7130, val acc 0.5240
Epoch 96/100: train loss 0.9622,  val loss 1.4369,train acc 0.7154, val acc 0.5224
Epoch 97/100: train loss 0.9595,  val loss 1.4388,train acc 0.7146, val acc 0.5258
Epoch 98/100: train loss 0.9562,  val loss 1.4393,train acc 0.7165, val acc 0.5218
Epoch 99/100: train loss 0.9528,  val loss 1.4379,train acc 0.7172, val acc 0.5220
Epoch 100/100: train loss 0.9493,  val loss 1.4382,train acc 0.7190, val acc 0.5264
hs: 512, lr: 0.001, reg: 0.0001 => val_acc: 0.5266
Epoch 1/100: train loss 2.0860,  val loss 2.1212,train acc 0.3590, val acc 0.3480
Epoch 2/100: train loss 1.9690,  val loss 2.0184,train acc 0.4018, val acc 0.3868
Epoch 3/100: train loss 1.9008,  val loss 1.9630,train acc 0.4274, val acc 0.4050
Epoch 4/100: train loss 1.8547,  val loss 1.9293,train acc 0.4454, val acc 0.4160
Epoch 5/100: train loss 1.8182,  val loss 1.8984,train acc 0.4566, val acc 0.4286
Epoch 6/100: train loss 1.7868,  val loss 1.8781,train acc 0.4694, val acc 0.4358
Epoch 7/100: train loss 1.7615,  val loss 1.8558,train acc 0.4784, val acc 0.4468
Epoch 8/100: train loss 1.7379,  val loss 1.8413,train acc 0.4879, val acc 0.4526
Epoch 9/100: train loss 1.7184,  val loss 1.8296,train acc 0.4958, val acc 0.4554
Epoch 10/100: train loss 1.7000,  val loss 1.8180,train acc 0.5038, val acc 0.4538
Epoch 11/100: train loss 1.6816,  val loss 1.8024,train acc 0.5089, val acc 0.4646
Epoch 12/100: train loss 1.6658,  val loss 1.7930,train acc 0.5146, val acc 0.4692
Epoch 13/100: train loss 1.6518,  val loss 1.7835,train acc 0.5207, val acc 0.4716
Epoch 14/100: train loss 1.6378,  val loss 1.7771,train acc 0.5272, val acc 0.4718
Epoch 15/100: train loss 1.6248,  val loss 1.7689,train acc 0.5300, val acc 0.4750
Epoch 16/100: train loss 1.6127,  val loss 1.7650,train acc 0.5359, val acc 0.4770
Epoch 17/100: train loss 1.6018,  val loss 1.7604,train acc 0.5389, val acc 0.4774
Epoch 18/100: train loss 1.5881,  val loss 1.7484,train acc 0.5440, val acc 0.4830
Epoch 19/100: train loss 1.5785,  val loss 1.7439,train acc 0.5488, val acc 0.4862
Epoch 20/100: train loss 1.5671,  val loss 1.7390,train acc 0.5547, val acc 0.4890
Epoch 21/100: train loss 1.5569,  val loss 1.7343,train acc 0.5569, val acc 0.4856
Epoch 22/100: train loss 1.5476,  val loss 1.7282,train acc 0.5611, val acc 0.4900
Epoch 23/100: train loss 1.5385,  val loss 1.7263,train acc 0.5660, val acc 0.4912
Epoch 24/100: train loss 1.5285,  val loss 1.7184,train acc 0.5693, val acc 0.4946
Epoch 25/100: train loss 1.5206,  val loss 1.7161,train acc 0.5730, val acc 0.4966
Epoch 26/100: train loss 1.5121,  val loss 1.7108,train acc 0.5763, val acc 0.4936
Epoch 27/100: train loss 1.5043,  val loss 1.7086,train acc 0.5786, val acc 0.4972
Epoch 28/100: train loss 1.4961,  val loss 1.7050,train acc 0.5831, val acc 0.4964
Epoch 29/100: train loss 1.4876,  val loss 1.7020,train acc 0.5843, val acc 0.4996
Epoch 30/100: train loss 1.4814,  val loss 1.6969,train acc 0.5878, val acc 0.5050
Epoch 31/100: train loss 1.4727,  val loss 1.6956,train acc 0.5916, val acc 0.5012
Epoch 32/100: train loss 1.4652,  val loss 1.6906,train acc 0.5924, val acc 0.5018
Epoch 33/100: train loss 1.4587,  val loss 1.6907,train acc 0.5974, val acc 0.5042
Epoch 34/100: train loss 1.4506,  val loss 1.6865,train acc 0.6007, val acc 0.5050
Epoch 35/100: train loss 1.4439,  val loss 1.6839,train acc 0.6043, val acc 0.5094
Epoch 36/100: train loss 1.4369,  val loss 1.6792,train acc 0.6070, val acc 0.5090
Epoch 37/100: train loss 1.4304,  val loss 1.6795,train acc 0.6090, val acc 0.5064
Epoch 38/100: train loss 1.4245,  val loss 1.6774,train acc 0.6108, val acc 0.5114
Epoch 39/100: train loss 1.4182,  val loss 1.6729,train acc 0.6144, val acc 0.5126
Epoch 40/100: train loss 1.4113,  val loss 1.6731,train acc 0.6158, val acc 0.5146
Epoch 41/100: train loss 1.4057,  val loss 1.6698,train acc 0.6195, val acc 0.5140
Epoch 42/100: train loss 1.3994,  val loss 1.6681,train acc 0.6225, val acc 0.5140
Epoch 43/100: train loss 1.3931,  val loss 1.6661,train acc 0.6240, val acc 0.5156
Epoch 44/100: train loss 1.3888,  val loss 1.6677,train acc 0.6247, val acc 0.5160
Epoch 45/100: train loss 1.3834,  val loss 1.6623,train acc 0.6288, val acc 0.5196
Epoch 46/100: train loss 1.3772,  val loss 1.6612,train acc 0.6314, val acc 0.5188
Epoch 47/100: train loss 1.3704,  val loss 1.6585,train acc 0.6332, val acc 0.5200
Epoch 48/100: train loss 1.3666,  val loss 1.6576,train acc 0.6349, val acc 0.5196
Epoch 49/100: train loss 1.3600,  val loss 1.6568,train acc 0.6373, val acc 0.5176
Epoch 50/100: train loss 1.3543,  val loss 1.6538,train acc 0.6398, val acc 0.5218
Epoch 51/100: train loss 1.3500,  val loss 1.6543,train acc 0.6406, val acc 0.5204
Epoch 52/100: train loss 1.3453,  val loss 1.6529,train acc 0.6432, val acc 0.5168
Epoch 53/100: train loss 1.3402,  val loss 1.6541,train acc 0.6464, val acc 0.5182
Epoch 54/100: train loss 1.3347,  val loss 1.6499,train acc 0.6476, val acc 0.5210
Epoch 55/100: train loss 1.3300,  val loss 1.6491,train acc 0.6484, val acc 0.5196
Epoch 56/100: train loss 1.3237,  val loss 1.6472,train acc 0.6531, val acc 0.5200
Epoch 57/100: train loss 1.3193,  val loss 1.6459,train acc 0.6541, val acc 0.5256
Epoch 58/100: train loss 1.3146,  val loss 1.6472,train acc 0.6564, val acc 0.5226
Epoch 59/100: train loss 1.3095,  val loss 1.6444,train acc 0.6588, val acc 0.5222
Epoch 60/100: train loss 1.3045,  val loss 1.6424,train acc 0.6606, val acc 0.5246
Epoch 61/100: train loss 1.3006,  val loss 1.6421,train acc 0.6614, val acc 0.5276
Epoch 62/100: train loss 1.2959,  val loss 1.6421,train acc 0.6626, val acc 0.5230
Epoch 63/100: train loss 1.2933,  val loss 1.6418,train acc 0.6648, val acc 0.5266
Epoch 64/100: train loss 1.2871,  val loss 1.6413,train acc 0.6657, val acc 0.5264
Epoch 65/100: train loss 1.2827,  val loss 1.6404,train acc 0.6680, val acc 0.5244
Epoch 66/100: train loss 1.2778,  val loss 1.6378,train acc 0.6707, val acc 0.5276
Epoch 67/100: train loss 1.2738,  val loss 1.6387,train acc 0.6715, val acc 0.5266
Epoch 68/100: train loss 1.2695,  val loss 1.6358,train acc 0.6734, val acc 0.5274
Epoch 69/100: train loss 1.2650,  val loss 1.6343,train acc 0.6756, val acc 0.5272
Epoch 70/100: train loss 1.2611,  val loss 1.6345,train acc 0.6781, val acc 0.5278
Epoch 71/100: train loss 1.2575,  val loss 1.6341,train acc 0.6782, val acc 0.5280
Epoch 72/100: train loss 1.2523,  val loss 1.6327,train acc 0.6815, val acc 0.5286
Epoch 73/100: train loss 1.2487,  val loss 1.6333,train acc 0.6824, val acc 0.5296
Epoch 74/100: train loss 1.2445,  val loss 1.6342,train acc 0.6857, val acc 0.5284
Epoch 75/100: train loss 1.2412,  val loss 1.6318,train acc 0.6844, val acc 0.5270
Epoch 76/100: train loss 1.2369,  val loss 1.6317,train acc 0.6863, val acc 0.5276
Epoch 77/100: train loss 1.2335,  val loss 1.6324,train acc 0.6873, val acc 0.5292
Epoch 78/100: train loss 1.2286,  val loss 1.6301,train acc 0.6907, val acc 0.5304
Epoch 79/100: train loss 1.2251,  val loss 1.6300,train acc 0.6911, val acc 0.5276
Epoch 80/100: train loss 1.2223,  val loss 1.6301,train acc 0.6930, val acc 0.5310
Epoch 81/100: train loss 1.2169,  val loss 1.6276,train acc 0.6949, val acc 0.5312
Epoch 82/100: train loss 1.2136,  val loss 1.6274,train acc 0.6963, val acc 0.5336
Epoch 83/100: train loss 1.2095,  val loss 1.6273,train acc 0.6974, val acc 0.5310
Epoch 84/100: train loss 1.2063,  val loss 1.6297,train acc 0.7002, val acc 0.5276
Epoch 85/100: train loss 1.2036,  val loss 1.6284,train acc 0.6996, val acc 0.5288
Epoch 86/100: train loss 1.1989,  val loss 1.6275,train acc 0.7036, val acc 0.5320
Epoch 87/100: train loss 1.1959,  val loss 1.6289,train acc 0.7039, val acc 0.5286
Epoch 88/100: train loss 1.1928,  val loss 1.6267,train acc 0.7040, val acc 0.5338
Epoch 89/100: train loss 1.1881,  val loss 1.6248,train acc 0.7068, val acc 0.5308
Epoch 90/100: train loss 1.1850,  val loss 1.6254,train acc 0.7064, val acc 0.5316
Epoch 91/100: train loss 1.1807,  val loss 1.6249,train acc 0.7098, val acc 0.5368
Epoch 92/100: train loss 1.1782,  val loss 1.6253,train acc 0.7111, val acc 0.5314
Epoch 93/100: train loss 1.1749,  val loss 1.6254,train acc 0.7119, val acc 0.5340
Epoch 94/100: train loss 1.1712,  val loss 1.6245,train acc 0.7142, val acc 0.5332
Epoch 95/100: train loss 1.1680,  val loss 1.6248,train acc 0.7144, val acc 0.5346
Epoch 96/100: train loss 1.1652,  val loss 1.6244,train acc 0.7153, val acc 0.5364
Epoch 97/100: train loss 1.1612,  val loss 1.6234,train acc 0.7166, val acc 0.5320
Epoch 98/100: train loss 1.1576,  val loss 1.6245,train acc 0.7181, val acc 0.5338
Epoch 99/100: train loss 1.1547,  val loss 1.6221,train acc 0.7197, val acc 0.5352
Epoch 100/100: train loss 1.1515,  val loss 1.6231,train acc 0.7211, val acc 0.5346
hs: 512, lr: 0.001, reg: 0.0005 => val_acc: 0.5368
Model saved to trained_model.npz
Epoch 1/100: train loss 2.0281,  val loss 2.0463,train acc 0.2995, val acc 0.2924
Epoch 2/100: train loss 1.8902,  val loss 1.9212,train acc 0.3485, val acc 0.3394
Epoch 3/100: train loss 1.8177,  val loss 1.8576,train acc 0.3768, val acc 0.3664
Epoch 4/100: train loss 1.7670,  val loss 1.8144,train acc 0.3964, val acc 0.3840
Epoch 5/100: train loss 1.7292,  val loss 1.7839,train acc 0.4107, val acc 0.3968
Epoch 6/100: train loss 1.6977,  val loss 1.7580,train acc 0.4240, val acc 0.4030
Epoch 7/100: train loss 1.6721,  val loss 1.7370,train acc 0.4334, val acc 0.4140
Epoch 8/100: train loss 1.6498,  val loss 1.7203,train acc 0.4419, val acc 0.4196
Epoch 9/100: train loss 1.6299,  val loss 1.7071,train acc 0.4496, val acc 0.4214
Epoch 10/100: train loss 1.6128,  val loss 1.6926,train acc 0.4550, val acc 0.4280
Epoch 11/100: train loss 1.5963,  val loss 1.6812,train acc 0.4636, val acc 0.4314
Epoch 12/100: train loss 1.5816,  val loss 1.6710,train acc 0.4686, val acc 0.4344
Epoch 13/100: train loss 1.5683,  val loss 1.6606,train acc 0.4732, val acc 0.4354
Epoch 14/100: train loss 1.5564,  val loss 1.6531,train acc 0.4790, val acc 0.4380
Epoch 15/100: train loss 1.5444,  val loss 1.6441,train acc 0.4834, val acc 0.4440
Epoch 16/100: train loss 1.5337,  val loss 1.6382,train acc 0.4877, val acc 0.4420
Epoch 17/100: train loss 1.5226,  val loss 1.6298,train acc 0.4919, val acc 0.4464
Epoch 18/100: train loss 1.5128,  val loss 1.6234,train acc 0.4958, val acc 0.4508
Epoch 19/100: train loss 1.5040,  val loss 1.6175,train acc 0.4992, val acc 0.4528
Epoch 20/100: train loss 1.4941,  val loss 1.6113,train acc 0.5028, val acc 0.4540
Epoch 21/100: train loss 1.4855,  val loss 1.6058,train acc 0.5067, val acc 0.4572
Epoch 22/100: train loss 1.4772,  val loss 1.6005,train acc 0.5100, val acc 0.4582
Epoch 23/100: train loss 1.4698,  val loss 1.5952,train acc 0.5135, val acc 0.4598
Epoch 24/100: train loss 1.4623,  val loss 1.5920,train acc 0.5161, val acc 0.4594
Epoch 25/100: train loss 1.4553,  val loss 1.5875,train acc 0.5180, val acc 0.4628
Epoch 26/100: train loss 1.4480,  val loss 1.5833,train acc 0.5216, val acc 0.4652
Epoch 27/100: train loss 1.4412,  val loss 1.5775,train acc 0.5242, val acc 0.4656
Epoch 28/100: train loss 1.4343,  val loss 1.5739,train acc 0.5272, val acc 0.4662
Epoch 29/100: train loss 1.4277,  val loss 1.5707,train acc 0.5299, val acc 0.4676
Epoch 30/100: train loss 1.4214,  val loss 1.5663,train acc 0.5329, val acc 0.4694
Epoch 31/100: train loss 1.4154,  val loss 1.5634,train acc 0.5332, val acc 0.4688
Epoch 32/100: train loss 1.4094,  val loss 1.5601,train acc 0.5360, val acc 0.4696
Epoch 33/100: train loss 1.4038,  val loss 1.5567,train acc 0.5390, val acc 0.4726
Epoch 34/100: train loss 1.3987,  val loss 1.5542,train acc 0.5409, val acc 0.4746
Epoch 35/100: train loss 1.3931,  val loss 1.5504,train acc 0.5420, val acc 0.4762
Epoch 36/100: train loss 1.3874,  val loss 1.5479,train acc 0.5450, val acc 0.4758
Epoch 37/100: train loss 1.3822,  val loss 1.5448,train acc 0.5478, val acc 0.4742
Epoch 38/100: train loss 1.3775,  val loss 1.5429,train acc 0.5495, val acc 0.4794
Epoch 39/100: train loss 1.3725,  val loss 1.5399,train acc 0.5513, val acc 0.4792
Epoch 40/100: train loss 1.3672,  val loss 1.5366,train acc 0.5531, val acc 0.4816
Epoch 41/100: train loss 1.3625,  val loss 1.5342,train acc 0.5553, val acc 0.4824
Epoch 42/100: train loss 1.3580,  val loss 1.5319,train acc 0.5571, val acc 0.4826
Epoch 43/100: train loss 1.3538,  val loss 1.5300,train acc 0.5576, val acc 0.4840
Epoch 44/100: train loss 1.3491,  val loss 1.5277,train acc 0.5596, val acc 0.4832
Epoch 45/100: train loss 1.3444,  val loss 1.5242,train acc 0.5617, val acc 0.4858
Epoch 46/100: train loss 1.3402,  val loss 1.5220,train acc 0.5636, val acc 0.4880
Epoch 47/100: train loss 1.3360,  val loss 1.5212,train acc 0.5645, val acc 0.4902
Epoch 48/100: train loss 1.3322,  val loss 1.5190,train acc 0.5653, val acc 0.4896
Epoch 49/100: train loss 1.3278,  val loss 1.5174,train acc 0.5674, val acc 0.4910
Epoch 50/100: train loss 1.3247,  val loss 1.5158,train acc 0.5687, val acc 0.4890
Epoch 51/100: train loss 1.3199,  val loss 1.5124,train acc 0.5706, val acc 0.4942
Epoch 52/100: train loss 1.3160,  val loss 1.5109,train acc 0.5712, val acc 0.4928
Epoch 53/100: train loss 1.3123,  val loss 1.5087,train acc 0.5729, val acc 0.4938
Epoch 54/100: train loss 1.3089,  val loss 1.5082,train acc 0.5748, val acc 0.4938
Epoch 55/100: train loss 1.3048,  val loss 1.5057,train acc 0.5763, val acc 0.4972
Epoch 56/100: train loss 1.3013,  val loss 1.5033,train acc 0.5773, val acc 0.4962
Epoch 57/100: train loss 1.2976,  val loss 1.5027,train acc 0.5788, val acc 0.4970
Epoch 58/100: train loss 1.2945,  val loss 1.5011,train acc 0.5797, val acc 0.4980
Epoch 59/100: train loss 1.2906,  val loss 1.4999,train acc 0.5818, val acc 0.4996
Epoch 60/100: train loss 1.2871,  val loss 1.4983,train acc 0.5823, val acc 0.4996
Epoch 61/100: train loss 1.2840,  val loss 1.4962,train acc 0.5836, val acc 0.5018
Epoch 62/100: train loss 1.2805,  val loss 1.4956,train acc 0.5850, val acc 0.5002
Epoch 63/100: train loss 1.2774,  val loss 1.4940,train acc 0.5867, val acc 0.5024
Epoch 64/100: train loss 1.2740,  val loss 1.4931,train acc 0.5882, val acc 0.5014
Epoch 65/100: train loss 1.2707,  val loss 1.4913,train acc 0.5896, val acc 0.5014
Epoch 66/100: train loss 1.2676,  val loss 1.4906,train acc 0.5899, val acc 0.5024
Epoch 67/100: train loss 1.2649,  val loss 1.4893,train acc 0.5917, val acc 0.5040
Epoch 68/100: train loss 1.2617,  val loss 1.4886,train acc 0.5921, val acc 0.5028
Epoch 69/100: train loss 1.2587,  val loss 1.4862,train acc 0.5932, val acc 0.5038
Epoch 70/100: train loss 1.2556,  val loss 1.4853,train acc 0.5950, val acc 0.5044
Epoch 71/100: train loss 1.2525,  val loss 1.4844,train acc 0.5958, val acc 0.5068
Epoch 72/100: train loss 1.2497,  val loss 1.4824,train acc 0.5965, val acc 0.5068
Epoch 73/100: train loss 1.2469,  val loss 1.4825,train acc 0.5980, val acc 0.5034
Epoch 74/100: train loss 1.2440,  val loss 1.4806,train acc 0.5991, val acc 0.5068
Epoch 75/100: train loss 1.2414,  val loss 1.4802,train acc 0.5993, val acc 0.5056
Epoch 76/100: train loss 1.2383,  val loss 1.4790,train acc 0.6012, val acc 0.5086
Epoch 77/100: train loss 1.2358,  val loss 1.4785,train acc 0.6032, val acc 0.5082
Epoch 78/100: train loss 1.2332,  val loss 1.4776,train acc 0.6042, val acc 0.5068
Epoch 79/100: train loss 1.2306,  val loss 1.4769,train acc 0.6048, val acc 0.5096
Epoch 80/100: train loss 1.2274,  val loss 1.4745,train acc 0.6056, val acc 0.5096
Epoch 81/100: train loss 1.2251,  val loss 1.4735,train acc 0.6060, val acc 0.5076
Epoch 82/100: train loss 1.2223,  val loss 1.4739,train acc 0.6066, val acc 0.5104
Epoch 83/100: train loss 1.2197,  val loss 1.4725,train acc 0.6087, val acc 0.5118
Epoch 84/100: train loss 1.2172,  val loss 1.4718,train acc 0.6104, val acc 0.5094
Epoch 85/100: train loss 1.2153,  val loss 1.4720,train acc 0.6106, val acc 0.5114
Epoch 86/100: train loss 1.2123,  val loss 1.4695,train acc 0.6107, val acc 0.5124
Epoch 87/100: train loss 1.2097,  val loss 1.4695,train acc 0.6123, val acc 0.5126
Epoch 88/100: train loss 1.2072,  val loss 1.4692,train acc 0.6128, val acc 0.5120
Epoch 89/100: train loss 1.2048,  val loss 1.4675,train acc 0.6141, val acc 0.5116
Epoch 90/100: train loss 1.2025,  val loss 1.4671,train acc 0.6139, val acc 0.5120
Epoch 91/100: train loss 1.2000,  val loss 1.4668,train acc 0.6164, val acc 0.5122
Epoch 92/100: train loss 1.1981,  val loss 1.4666,train acc 0.6168, val acc 0.5130
Epoch 93/100: train loss 1.1957,  val loss 1.4648,train acc 0.6182, val acc 0.5144
Epoch 94/100: train loss 1.1933,  val loss 1.4631,train acc 0.6191, val acc 0.5142
Epoch 95/100: train loss 1.1909,  val loss 1.4632,train acc 0.6209, val acc 0.5136
Epoch 96/100: train loss 1.1884,  val loss 1.4623,train acc 0.6212, val acc 0.5142
Epoch 97/100: train loss 1.1862,  val loss 1.4617,train acc 0.6221, val acc 0.5142
Epoch 98/100: train loss 1.1841,  val loss 1.4612,train acc 0.6234, val acc 0.5152
Epoch 99/100: train loss 1.1820,  val loss 1.4603,train acc 0.6238, val acc 0.5164
Epoch 100/100: train loss 1.1800,  val loss 1.4601,train acc 0.6235, val acc 0.5156
hs: 512, lr: 0.0005, reg: 0.0001 => val_acc: 0.5164
Epoch 1/100: train loss 2.2310,  val loss 2.2420,train acc 0.3039, val acc 0.2974
Epoch 2/100: train loss 2.0990,  val loss 2.1229,train acc 0.3524, val acc 0.3472
Epoch 3/100: train loss 2.0258,  val loss 2.0618,train acc 0.3819, val acc 0.3716
Epoch 4/100: train loss 1.9751,  val loss 2.0174,train acc 0.4005, val acc 0.3886
Epoch 5/100: train loss 1.9369,  val loss 1.9873,train acc 0.4151, val acc 0.4004
Epoch 6/100: train loss 1.9060,  val loss 1.9611,train acc 0.4262, val acc 0.4028
Epoch 7/100: train loss 1.8801,  val loss 1.9415,train acc 0.4363, val acc 0.4160
Epoch 8/100: train loss 1.8578,  val loss 1.9230,train acc 0.4443, val acc 0.4174
Epoch 9/100: train loss 1.8381,  val loss 1.9082,train acc 0.4511, val acc 0.4256
Epoch 10/100: train loss 1.8206,  val loss 1.8952,train acc 0.4575, val acc 0.4306
Epoch 11/100: train loss 1.8040,  val loss 1.8828,train acc 0.4652, val acc 0.4322
Epoch 12/100: train loss 1.7901,  val loss 1.8722,train acc 0.4688, val acc 0.4384
Epoch 13/100: train loss 1.7767,  val loss 1.8614,train acc 0.4747, val acc 0.4402
Epoch 14/100: train loss 1.7643,  val loss 1.8542,train acc 0.4790, val acc 0.4432
Epoch 15/100: train loss 1.7523,  val loss 1.8454,train acc 0.4832, val acc 0.4474
Epoch 16/100: train loss 1.7416,  val loss 1.8368,train acc 0.4891, val acc 0.4506
Epoch 17/100: train loss 1.7310,  val loss 1.8310,train acc 0.4924, val acc 0.4540
Epoch 18/100: train loss 1.7206,  val loss 1.8225,train acc 0.4966, val acc 0.4526
Epoch 19/100: train loss 1.7112,  val loss 1.8167,train acc 0.5001, val acc 0.4566
Epoch 20/100: train loss 1.7020,  val loss 1.8096,train acc 0.5046, val acc 0.4622
Epoch 21/100: train loss 1.6936,  val loss 1.8048,train acc 0.5070, val acc 0.4640
Epoch 22/100: train loss 1.6856,  val loss 1.8005,train acc 0.5104, val acc 0.4656
Epoch 23/100: train loss 1.6779,  val loss 1.7946,train acc 0.5127, val acc 0.4656
Epoch 24/100: train loss 1.6715,  val loss 1.7918,train acc 0.5143, val acc 0.4674
Epoch 25/100: train loss 1.6633,  val loss 1.7850,train acc 0.5190, val acc 0.4676
Epoch 26/100: train loss 1.6558,  val loss 1.7802,train acc 0.5222, val acc 0.4728
Epoch 27/100: train loss 1.6498,  val loss 1.7780,train acc 0.5233, val acc 0.4716
Epoch 28/100: train loss 1.6428,  val loss 1.7722,train acc 0.5266, val acc 0.4764
Epoch 29/100: train loss 1.6361,  val loss 1.7690,train acc 0.5285, val acc 0.4774
Epoch 30/100: train loss 1.6297,  val loss 1.7655,train acc 0.5306, val acc 0.4764
Epoch 31/100: train loss 1.6239,  val loss 1.7612,train acc 0.5333, val acc 0.4796
Epoch 32/100: train loss 1.6186,  val loss 1.7578,train acc 0.5373, val acc 0.4822
Epoch 33/100: train loss 1.6125,  val loss 1.7546,train acc 0.5379, val acc 0.4830
Epoch 34/100: train loss 1.6070,  val loss 1.7510,train acc 0.5410, val acc 0.4818
Epoch 35/100: train loss 1.6016,  val loss 1.7482,train acc 0.5415, val acc 0.4852
Epoch 36/100: train loss 1.5971,  val loss 1.7478,train acc 0.5428, val acc 0.4838
Epoch 37/100: train loss 1.5918,  val loss 1.7431,train acc 0.5465, val acc 0.4888
Epoch 38/100: train loss 1.5864,  val loss 1.7407,train acc 0.5483, val acc 0.4854
Epoch 39/100: train loss 1.5815,  val loss 1.7366,train acc 0.5495, val acc 0.4846
Epoch 40/100: train loss 1.5767,  val loss 1.7349,train acc 0.5520, val acc 0.4890
Epoch 41/100: train loss 1.5717,  val loss 1.7323,train acc 0.5540, val acc 0.4878
Epoch 42/100: train loss 1.5672,  val loss 1.7293,train acc 0.5551, val acc 0.4888
Epoch 43/100: train loss 1.5630,  val loss 1.7274,train acc 0.5575, val acc 0.4884
Epoch 44/100: train loss 1.5591,  val loss 1.7258,train acc 0.5584, val acc 0.4896
Epoch 45/100: train loss 1.5547,  val loss 1.7237,train acc 0.5602, val acc 0.4912
Epoch 46/100: train loss 1.5502,  val loss 1.7211,train acc 0.5622, val acc 0.4944
Epoch 47/100: train loss 1.5459,  val loss 1.7201,train acc 0.5628, val acc 0.4940
Epoch 48/100: train loss 1.5417,  val loss 1.7173,train acc 0.5643, val acc 0.4952
Epoch 49/100: train loss 1.5383,  val loss 1.7143,train acc 0.5653, val acc 0.4964
Epoch 50/100: train loss 1.5336,  val loss 1.7124,train acc 0.5690, val acc 0.4944
Epoch 51/100: train loss 1.5306,  val loss 1.7128,train acc 0.5710, val acc 0.4984
Epoch 52/100: train loss 1.5265,  val loss 1.7104,train acc 0.5715, val acc 0.4978
Epoch 53/100: train loss 1.5228,  val loss 1.7088,train acc 0.5727, val acc 0.4972
Epoch 54/100: train loss 1.5185,  val loss 1.7060,train acc 0.5742, val acc 0.4970
Epoch 55/100: train loss 1.5151,  val loss 1.7039,train acc 0.5758, val acc 0.4966
Epoch 56/100: train loss 1.5115,  val loss 1.7026,train acc 0.5779, val acc 0.4978
Epoch 57/100: train loss 1.5075,  val loss 1.7009,train acc 0.5784, val acc 0.5000
Epoch 58/100: train loss 1.5048,  val loss 1.6992,train acc 0.5784, val acc 0.4998
Epoch 59/100: train loss 1.5010,  val loss 1.6979,train acc 0.5802, val acc 0.5002
Epoch 60/100: train loss 1.4974,  val loss 1.6979,train acc 0.5818, val acc 0.5032
Epoch 61/100: train loss 1.4943,  val loss 1.6942,train acc 0.5845, val acc 0.5030
Epoch 62/100: train loss 1.4909,  val loss 1.6926,train acc 0.5840, val acc 0.5016
Epoch 63/100: train loss 1.4874,  val loss 1.6915,train acc 0.5860, val acc 0.5038
Epoch 64/100: train loss 1.4847,  val loss 1.6909,train acc 0.5868, val acc 0.5056
Epoch 65/100: train loss 1.4814,  val loss 1.6900,train acc 0.5882, val acc 0.5026
Epoch 66/100: train loss 1.4787,  val loss 1.6876,train acc 0.5890, val acc 0.5040
Epoch 67/100: train loss 1.4752,  val loss 1.6865,train acc 0.5898, val acc 0.5032
Epoch 68/100: train loss 1.4721,  val loss 1.6857,train acc 0.5915, val acc 0.5064
Epoch 69/100: train loss 1.4691,  val loss 1.6842,train acc 0.5924, val acc 0.5058
Epoch 70/100: train loss 1.4659,  val loss 1.6828,train acc 0.5942, val acc 0.5092
Epoch 71/100: train loss 1.4636,  val loss 1.6834,train acc 0.5948, val acc 0.5068
Epoch 72/100: train loss 1.4608,  val loss 1.6808,train acc 0.5956, val acc 0.5090
Epoch 73/100: train loss 1.4574,  val loss 1.6798,train acc 0.5980, val acc 0.5094
Epoch 74/100: train loss 1.4549,  val loss 1.6787,train acc 0.5985, val acc 0.5120
Epoch 75/100: train loss 1.4523,  val loss 1.6785,train acc 0.5992, val acc 0.5116
Epoch 76/100: train loss 1.4493,  val loss 1.6767,train acc 0.6002, val acc 0.5108
Epoch 77/100: train loss 1.4466,  val loss 1.6759,train acc 0.6011, val acc 0.5140
Epoch 78/100: train loss 1.4437,  val loss 1.6750,train acc 0.6028, val acc 0.5138
Epoch 79/100: train loss 1.4410,  val loss 1.6730,train acc 0.6039, val acc 0.5130
Epoch 80/100: train loss 1.4387,  val loss 1.6734,train acc 0.6040, val acc 0.5134
Epoch 81/100: train loss 1.4361,  val loss 1.6720,train acc 0.6044, val acc 0.5132
Epoch 82/100: train loss 1.4334,  val loss 1.6709,train acc 0.6054, val acc 0.5132
Epoch 83/100: train loss 1.4312,  val loss 1.6715,train acc 0.6078, val acc 0.5140
Epoch 84/100: train loss 1.4290,  val loss 1.6699,train acc 0.6077, val acc 0.5144
Epoch 85/100: train loss 1.4259,  val loss 1.6679,train acc 0.6085, val acc 0.5180
Epoch 86/100: train loss 1.4234,  val loss 1.6675,train acc 0.6108, val acc 0.5138
Epoch 87/100: train loss 1.4211,  val loss 1.6671,train acc 0.6114, val acc 0.5126
Epoch 88/100: train loss 1.4185,  val loss 1.6666,train acc 0.6130, val acc 0.5142
Epoch 89/100: train loss 1.4160,  val loss 1.6652,train acc 0.6131, val acc 0.5156
Epoch 90/100: train loss 1.4136,  val loss 1.6646,train acc 0.6126, val acc 0.5178
Epoch 91/100: train loss 1.4113,  val loss 1.6633,train acc 0.6150, val acc 0.5172
Epoch 92/100: train loss 1.4095,  val loss 1.6628,train acc 0.6155, val acc 0.5174
Epoch 93/100: train loss 1.4068,  val loss 1.6621,train acc 0.6160, val acc 0.5174
Epoch 94/100: train loss 1.4048,  val loss 1.6626,train acc 0.6172, val acc 0.5182
Epoch 95/100: train loss 1.4029,  val loss 1.6617,train acc 0.6191, val acc 0.5176
Epoch 96/100: train loss 1.4005,  val loss 1.6597,train acc 0.6181, val acc 0.5194
Epoch 97/100: train loss 1.3981,  val loss 1.6600,train acc 0.6208, val acc 0.5196
Epoch 98/100: train loss 1.3960,  val loss 1.6595,train acc 0.6205, val acc 0.5196
Epoch 99/100: train loss 1.3933,  val loss 1.6579,train acc 0.6211, val acc 0.5196
Epoch 100/100: train loss 1.3913,  val loss 1.6568,train acc 0.6225, val acc 0.5222
hs: 512, lr: 0.0005, reg: 0.0005 => val_acc: 0.5222

Best validation accuracy: 0.5368
Best parameters: {'hidden_size': 512, 'lr': 0.001, 'reg': 0.0005}
Model loaded from trained_model.npz

Test accuracy: 0.5100
Validation accuracy (for verification): 0.5368
